// Jest Snapshot v1, https://goo.gl/fbAQLP

exports[`FadeInText should render correctly 1`] = `
"<div className=\\"revealText\\">
  <span style={{...}}>
    t
  </span>
  <span style={{...}}>
    e
  </span>
  <span style={{...}}>
    s
  </span>
  <span style={{...}}>
    t
  </span>
</div>"
`;
