// Jest Snapshot v1, https://goo.gl/fbAQLP

exports[`CanvasMenuItem should render correctly 1`] = `
"<div data-tip={true} data-for={[undefined]}>
  <label>
    test
  </label>
  <br />
  <canvas id=\\"canvas\\" />
</div>"
`;
