// Jest Snapshot v1, https://goo.gl/fbAQLP

exports[`TextBoxMenuItem tests should render correctly 1`] = `
"<div data-tip={true} data-for={[undefined]}>
  <label>
    test
  </label>
  <input type=\\"color\\" value=\\"#cbcbcb\\" onChange={[Function: onChange]} />
</div>"
`;
