// Jest Snapshot v1, https://goo.gl/fbAQLP

exports[`HelpPopup should render correctly 1`] = `
"<ContextProvider value={{...}}>
  <Connect(HelpPopup) window={{...}} />
</ContextProvider>"
`;
