// Jest Snapshot v1, https://goo.gl/fbAQLP

exports[`Eye should render correctly 1`] = `
"<svg className=\\"eye\\" width={500} height={500}>
  <circle className=\\"sclera\\" style={{...}} r={100} fill=\\"url(#scleraGradient)\\" cx={250} cy={250} />
  <g className=\\"inner\\" style={{...}} transform=\\"\\\\n                scale(1, 1)\\\\n                skewX(0)\\\\n                \\">
    <circle className=\\"iris\\" style={{...}} r={50} fill=\\"url(#irisGradient)\\" cx={250} cy={250} />
    <g className=\\"irisStyling\\">
      <path d=\\"M 250 250 l 80 0\\\\nl -70.00000000000001 0\\\\nl 69.84218750000001 5.0234375\\\\nl -69.86197916666667 -4.3953125\\\\nl 69.38906250000001 9.398958333333333\\\\nl -69.44791666666667 -8.7734375\\\\nl 68.66197916666667 13.736979166666668\\\\nl -68.75989583333335 -13.116666666666669\\\\nl 67.66354166666666 18.02135416666667\\\\nl -67.80104166666668 -17.408333333333335\\\\nl 66.3984375 22.234375\\\\nl -66.57395833333334 -21.63125\\\\nl 64.87135416666666 26.359895833333333\\\\nl -65.08437500000001 -25.76875\\\\nl 63.08854166666667 30.38125\\\\nl -63.33802083333334 -29.804687500000004\\\\nl 61.05625 34.28229166666667\\\\nl -61.34166666666667 -33.72291666666667\\\\nl 58.78333333333334 38.0484375\\\\nl -59.103125 -37.5078125\\\\nl 56.278125 41.66458333333333\\\\nl -56.63125 -41.14479166666667\\\\nl 53.55104166666667 45.11614583333334\\\\nl -53.9359375 -44.61979166666667\\\\nl 50.612500000000004 48.389583333333334\\\\nl -51.02760416666667 -47.91822916666667\\\\nl 47.47395833333334 51.471875\\\\nl -47.91822916666667 -51.02760416666667\\\\nl 44.1484375 54.35156250000001\\\\nl -44.61979166666667 -53.9359375\\\\nl 40.64843750000001 57.01614583333334\\\\nl -41.14479166666667 -56.63125\\\\nl 36.98854166666667 59.456250000000004\\\\nl -37.5078125 -59.103125\\\\nl 33.18177083333334 61.661458333333336\\\\nl -33.72291666666667 -61.34166666666667\\\\nl 29.244791666666668 63.622916666666676\\\\nl -29.804687500000004 -63.33802083333334\\\\nl 25.192187500000003 65.33385416666667\\\\nl -25.76875 -65.08437500000001\\\\nl 21.040104166666666 66.78697916666667\\\\nl -21.63125 -66.57395833333334\\\\nl 16.805208333333333 67.97604166666667\\\\nl -17.408333333333335 -67.80104166666668\\\\nl 12.503645833333335 68.89739583333333\\\\nl -13.116666666666669 -68.75989583333335\\\\nl 8.152604166666668 69.54635416666667\\\\nl -8.7734375 -69.44791666666667\\\\nl 3.7697916666666673 69.92083333333333\\\\nl -4.3953125 -69.86197916666667\\\\nl -0.628125 70.01979166666666\\\\nl 0 -70.00000000000001\\\\nl -5.0234375 69.84218750000001\\\\nl 4.3953125 -69.86197916666667\\\\nl -9.398958333333333 69.38906250000001\\\\nl 8.7734375 -69.44791666666667\\\\nl -13.736979166666668 68.66197916666667\\\\nl 13.116666666666669 -68.75989583333335\\\\nl -18.02135416666667 67.66354166666666\\\\nl 17.408333333333335 -67.80104166666668\\\\nl -22.234375 66.3984375\\\\nl 21.63125 -66.57395833333334\\\\nl -26.359895833333333 64.87135416666666\\\\nl 25.76875 -65.08437500000001\\\\nl -30.38125 63.08854166666667\\\\nl 29.804687500000004 -63.33802083333334\\\\nl -34.28229166666667 61.05625\\\\nl 33.72291666666667 -61.34166666666667\\\\nl -38.0484375 58.78333333333334\\\\nl 37.5078125 -59.103125\\\\nl -41.66458333333333 56.278125\\\\nl 41.14479166666667 -56.63125\\\\nl -45.11614583333334 53.55104166666667\\\\nl 44.61979166666667 -53.9359375\\\\nl -48.389583333333334 50.612500000000004\\\\nl 47.91822916666667 -51.02760416666667\\\\nl -51.471875 47.47395833333334\\\\nl 51.02760416666667 -47.91822916666667\\\\nl -54.35156250000001 44.1484375\\\\nl 53.9359375 -44.61979166666667\\\\nl -57.01614583333334 40.64843750000001\\\\nl 56.63125 -41.14479166666667\\\\nl -59.456250000000004 36.98854166666667\\\\nl 59.103125 -37.5078125\\\\nl -61.661458333333336 33.18177083333334\\\\nl 61.34166666666667 -33.72291666666667\\\\nl -63.622916666666676 29.244791666666668\\\\nl 63.33802083333334 -29.804687500000004\\\\nl -65.33385416666667 25.192187500000003\\\\nl 65.08437500000001 -25.76875\\\\nl -66.78697916666667 21.040104166666666\\\\nl 66.57395833333334 -21.63125\\\\nl -67.97604166666667 16.805208333333333\\\\nl 67.80104166666668 -17.408333333333335\\\\nl -68.89739583333333 12.503645833333335\\\\nl 68.75989583333335 -13.116666666666669\\\\nl -69.54635416666667 8.152604166666668\\\\nl 69.44791666666667 -8.7734375\\\\nl -69.92083333333333 3.7697916666666673\\\\nl 69.86197916666667 -4.3953125\\\\nl -70.01979166666666 -0.628125\\\\nl 70.00000000000001 0\\\\nl -69.84218750000001 -5.0234375\\\\nl 69.86197916666667 4.3953125\\\\nl -69.38906250000001 -9.398958333333333\\\\nl 69.44791666666667 8.7734375\\\\nl -68.66197916666667 -13.736979166666668\\\\nl 68.75989583333335 13.116666666666669\\\\nl -67.66354166666666 -18.02135416666667\\\\nl 67.80104166666668 17.408333333333335\\\\nl -66.3984375 -22.234375\\\\nl 66.57395833333334 21.63125\\\\nl -64.87135416666666 -26.359895833333333\\\\nl 65.08437500000001 25.76875\\\\nl -63.08854166666667 -30.38125\\\\nl 63.33802083333334 29.804687500000004\\\\nl -61.05625 -34.28229166666667\\\\nl 61.34166666666667 33.72291666666667\\\\nl -58.78333333333334 -38.0484375\\\\nl 59.103125 37.5078125\\\\nl -56.278125 -41.66458333333333\\\\nl 56.63125 41.14479166666667\\\\nl -53.55104166666667 -45.11614583333334\\\\nl 53.9359375 44.61979166666667\\\\nl -50.612500000000004 -48.389583333333334\\\\nl 51.02760416666667 47.91822916666667\\\\nl -47.47395833333334 -51.471875\\\\nl 47.91822916666667 51.02760416666667\\\\nl -44.1484375 -54.35156250000001\\\\nl 44.61979166666667 53.9359375\\\\nl -40.64843750000001 -57.01614583333334\\\\nl 41.14479166666667 56.63125\\\\nl -36.98854166666667 -59.456250000000004\\\\nl 37.5078125 59.103125\\\\nl -33.18177083333334 -61.661458333333336\\\\nl 33.72291666666667 61.34166666666667\\\\nl -29.244791666666668 -63.622916666666676\\\\nl 29.804687500000004 63.33802083333334\\\\nl -25.192187500000003 -65.33385416666667\\\\nl 25.76875 65.08437500000001\\\\nl -21.040104166666666 -66.78697916666667\\\\nl 21.63125 66.57395833333334\\\\nl -16.805208333333333 -67.97604166666667\\\\nl 17.408333333333335 67.80104166666668\\\\nl -12.503645833333335 -68.89739583333333\\\\nl 13.116666666666669 68.75989583333335\\\\nl -8.152604166666668 -69.54635416666667\\\\nl 8.7734375 69.44791666666667\\\\nl -3.7697916666666673 -69.92083333333333\\\\nl 4.3953125 69.86197916666667\\\\nl 0.628125 -70.01979166666666\\\\nl 0 70.00000000000001\\\\nl 5.0234375 -69.84218750000001\\\\nl -4.3953125 69.86197916666667\\\\nl 9.398958333333333 -69.38906250000001\\\\nl -8.7734375 69.44791666666667\\\\nl 13.736979166666668 -68.66197916666667\\\\nl -13.116666666666669 68.75989583333335\\\\nl 18.02135416666667 -67.66354166666666\\\\nl -17.408333333333335 67.80104166666668\\\\nl 22.234375 -66.3984375\\\\nl -21.63125 66.57395833333334\\\\nl 26.359895833333333 -64.87135416666666\\\\nl -25.76875 65.08437500000001\\\\nl 30.38125 -63.08854166666667\\\\nl -29.804687500000004 63.33802083333334\\\\nl 34.28229166666667 -61.05625\\\\nl -33.72291666666667 61.34166666666667\\\\nl 38.0484375 -58.78333333333334\\\\nl -37.5078125 59.103125\\\\nl 41.66458333333333 -56.278125\\\\nl -41.14479166666667 56.63125\\\\nl 45.11614583333334 -53.55104166666667\\\\nl -44.61979166666667 53.9359375\\\\nl 48.389583333333334 -50.612500000000004\\\\nl -47.91822916666667 51.02760416666667\\\\nl 51.471875 -47.47395833333334\\\\nl -51.02760416666667 47.91822916666667\\\\nl 54.35156250000001 -44.1484375\\\\nl -53.9359375 44.61979166666667\\\\nl 57.01614583333334 -40.64843750000001\\\\nl -56.63125 41.14479166666667\\\\nl 59.456250000000004 -36.98854166666667\\\\nl -59.103125 37.5078125\\\\nl 61.661458333333336 -33.18177083333334\\\\nl -61.34166666666667 33.72291666666667\\\\nl 63.622916666666676 -29.244791666666668\\\\nl -63.33802083333334 29.804687500000004\\\\nl 65.33385416666667 -25.192187500000003\\\\nl -65.08437500000001 25.76875\\\\nl 66.78697916666667 -21.040104166666666\\\\nl -66.57395833333334 21.63125\\\\nl 67.97604166666667 -16.805208333333333\\\\nl -67.80104166666668 17.408333333333335\\\\nl 68.89739583333333 -12.503645833333335\\\\nl -68.75989583333335 13.116666666666669\\\\nl 69.54635416666667 -8.152604166666668\\\\nl -69.44791666666667 8.7734375\\\\nl 69.92083333333333 -3.7697916666666673\\\\nl -69.86197916666667 4.3953125\\\\nl 70.01979166666666 0.628125\\\\nl -70.00000000000001 0\\\\n\\" fill=\\"#0000cc\\" style={{...}} />
    </g>
    <circle className=\\"pupil\\" style={{...}} r={20} fill=\\"black\\" cx={250} cy={250} />
    <ellipse className=\\"innerReflection\\" style={{...}} rx={15} ry={7.5} fill=\\"url(#reflectionGradient)\\" cx={250} cy={270} transform=\\"rotate(135)\\" />
    <ellipse className=\\"outerReflection\\" style={{...}} rx={20} ry={10} fill=\\"url(#reflectionGradient)\\" cx={250} cy={300} transform=\\"rotate(135)\\" />
  </g>
  <svg className=\\"Eyelids\\">
    <path style={{...}} filter=\\"url(#shadowTop)\\" d=\\"M 150 250,\\\\n                         A 100 100 0 0 1 350 250\\\\n                         C 309.959355637325 222.3857625085,\\\\n                         305.228474983 200, 250 200\\\\n                         C 194.771525017 200, 169.32996624405 222.3857625085, 150 250\\" />
    <path style={{...}} filter=\\"url(#shadowBottom)\\" d=\\"M 150 250,\\\\n                         A 100 100 0 0 0 350 250\\\\n                         C 319.62433875935 277.6142374915,\\\\n                         305.228474983 300, 250 300\\\\n                         C 194.771525017 300, 163.80711874575 277.6142374915, 150 250\\" />
  </svg>
  <svg className=\\"BlackFill\\">
    <path d=\\"M 0 250,\\\\n                         L 150 250,\\\\n                         A 100 100 0 0 1 350 250\\\\n                         L 500 250,\\\\n                         L 500 0\\\\n                         L 0 0\\" />
    <path d=\\"M 0 250,\\\\n                         L 150 250,\\\\n                         A 100 100 0 0 0 350 250\\\\n                         L 500 250,\\\\n                         L 500 500\\\\n                         L 0 500\\" />
  </svg>
  <Shadows openCoefficient={0.5} />
</svg>"
`;
