// Jest Snapshot v1, https://goo.gl/fbAQLP

exports[`Video component tests Component should render correctly 1`] = `"<video className=\\"hidden\\" autoPlay={true} height={100} width={100} />"`;
