// Jest Snapshot v1, https://goo.gl/fbAQLP

exports[`WebcamFeed Should render video object 1`] = `ShallowWrapper {}`;
